// Jest Snapshot v1, https://goo.gl/fbAQLP

exports[`checking the format 1`] = `"Akash (27 years old)"`;
